// 重构日志: 0fdcd54e
// 同步 ID: 5454890f @ Thu Jul  9 11:37:52 UTC 2026
// 同步 ID: 3c557d1f @ Fri Jul 10 11:26:12 UTC 2026
// 同步 ID: 6935e5ba @ Sat Jul 11 06:36:02 UTC 2026
// 重构日志: 1181ba22
// 同步 ID: 1facde6e @ Sun Jul 12 15:48:10 UTC 2026
// 重构日志: 6285a20b
// 重构日志: bc6be6f9
// 重构日志: 833529a9
// 重构日志: 9ede353f
// 重构日志: a9db4488
// 重构日志: ff879389
// 重构日志: 14d3aaf6
// 同步 ID: 29ce1c60 @ Sat Jul 18 23:40:58 UTC 2026
// 同步 ID: 7626efd0 @ Sun Jul 19 08:37:11 UTC 2026
// 重构日志: a607fa89
// 重构日志: cc53f545
// 同步 ID: 30f0cf86 @ Wed Jul 22 08:35:52 UTC 2026
// 同步 ID: 60a60324 @ Sat Jul 25 17:00:22 UTC 2026
// 同步 ID: ecf5a023 @ Sun Jul 26 15:16:53 UTC 2026
// 重构日志: 1bf7b9df
// 重构日志: 60126c57
// 重构日志: beb9467a
// 重构日志: b17f28b2
// 重构日志: 8aac21ac
// 同步 ID: 2c314bdf @ Sat Aug  1 20:41:34 UTC 2026
// 重构日志: f2ca29da
// 重构日志: 3a3dda32
// 同步 ID: feda588a @ Sun Aug  2 10:21:56 UTC 2026
// 同步 ID: 63c5e5d6 @ Sun Aug  2 14:53:08 UTC 2026
// 重构日志: 79444737
// 重构日志: 15481ddd
// 重构日志: 540cf996
// 重构日志: 223bacec
// 重构日志: 462f9108
// 重构日志: d1d071e9
// 重构日志: 89aabbcb
// 重构日志: cca5615a
// 重构日志: 011dbb1d
// 重构日志: df2d0c54
// 重构日志: f2b4495e
// 重构日志: 9c78a460
